// Jest Snapshot v1, https://goo.gl/fbAQLP

exports[`renders PersonPage UI with correct hierarchy 1`] = `
<div
  className="PersonPage"
>
  <CustomModal
    hasCancel={true}
    hasConfirm={true}
    onClose={[Function]}
    onConfirm={[Function]}
    open={false}
  >
    <div
      className="DeleteModal"
    >
      <h1>
        Warning
      </h1>
      <p>
        Are you sure you want to delete this encounter? You cannot undo this action.
      </p>
    </div>
  </CustomModal>
  <PersonDrawer
    birthday={null}
    data-testid="drawer-component"
    firstMet={null}
    gender=""
    img=""
    interests={Array []}
    location=""
    name=""
    onEdit={[Function]}
    open={true}
    organisation=""
    socialMedia={Array []}
    staticDrawer={true}
  />
  <div
    className="ContentContainer"
  >
    <div
      className="TitleContainer"
    >
      <h1
        className="Title"
      >
        You encountered
        <br />
        
         
        0
         times
      </h1>
      <div
        className="ButtonContainer"
      >
        <Link
          style={
            Object {
              "textDecoration": "none",
            }
          }
          to={
            Object {
              "pathname": "/encounters/create",
              "state": Object {
                "person": Object {
                  "birthday": null,
                  "encounters": Array [],
                  "firstMet": null,
                  "gender": "",
                  "howWeMet": "",
                  "image": "",
                  "interests": Array [],
                  "location": "",
                  "name": "",
                  "organisation": "",
                  "socialMedia": Array [],
                  "timeUpdated": null,
                },
              },
            }
          }
        >
          <IconButton
            btnText="New Encounter"
            height="66px"
            includeIcon={true}
            onClick={[Function]}
          />
        </Link>
      </div>
    </div>
    <div
      className="EncountersContainer"
    />
  </div>
  <ToastContainer
    autoClose={5000}
    closeButton={[Function]}
    closeOnClick={true}
    draggable={true}
    draggableDirection="x"
    draggablePercent={80}
    hideProgressBar={false}
    newestOnTop={false}
    pauseOnFocusLoss={true}
    pauseOnHover={true}
    position="bottom-center"
    role="alert"
    rtl={false}
    theme="light"
    transition={[Function]}
  />
</div>
`;
