// Jest Snapshot v1, https://goo.gl/fbAQLP

exports[`renders EncounterDetailsModal UI to test correct hierarchy 1`] = `
<CustomModal
  hasCancel={false}
  hasConfirm={false}
  onClose={[Function]}
  onDelete={[MockFunction]}
  open={true}
>
  <div
    className="ContentContainer"
  >
    <div
      className="Content"
    >
      <h1
        className="EncounterTitle"
        data-testid="title-element"
      >
        Fermentum pellentesque
      </h1>
      <div
        className="SubtitleContainer"
      >
        <h3
          className="EncounterSubtitle"
        >
          You encountered: 
        </h3>
        <div
          className="MiniPersonProfile"
        >
          <ForwardRef(Avatar)
            alt="Kent"
            src="https://images.unsplash.com/photo-1646936218155-caedb4ed9bf7?ixlib=rb-1.2.1&ixid=MnwxMjA3fDB8MHxwaG90by1wYWdlfHx8fGVufDB8fHx8&auto=format&fit=crop&w=1974&q=80"
            sx={
              Object {
                "height": "30px",
                "width": "30px",
              }
            }
          />
          <p
            data-testid="name-element"
          >
            Kent
          </p>
        </div>
      </div>
      <div
        className="EncounterProperty"
        data-testid="date-met-element"
      >
        Date we met: 
        15/03/2022
      </div>
      <div
        className="EncounterProperty"
        data-testid="location-element"
      >
        Location: 
        Auckland
      </div>
      <h2>
        Details:
      </h2>
      <p
        className="EncounterDetails"
        data-testid="details-element"
      >
        Sem tristique nulla cursus praesent tincidunt integer Diam dictum vestibulum mi nulla vestibulum, id nibh. Nunc consequat amet commodo turpis tellus. Scelerisque a pellentesque vel accumsan sed mauris, ac turpis pharetra. Sem tristique nulla cursus praesent tincidunt integer
      </p>
    </div>
    <div>
      <CustomButton
        btnText="Delete"
        className="DeleteButton"
        onClick={[MockFunction]}
      />
    </div>
  </div>
</CustomModal>
`;
