// Jest Snapshot v1, https://goo.gl/fbAQLP

exports[`renders Create person page correctly 1`] = `
<div
  className="editPerson"
>
  <div
    className="title"
  >
    Create
     Person 
  </div>
  <form
    className="form"
    onSubmit={[Function]}
  >
    <div
      className="avatarDiv"
    >
      <div
        className="MuiAvatar-root MuiAvatar-circular MuiAvatar-colorDefault avatar css-2s90m6-MuiAvatar-root"
      >
        <svg
          aria-hidden={true}
          className="MuiSvgIcon-root MuiSvgIcon-fontSizeMedium MuiAvatar-fallback css-10mi8st-MuiSvgIcon-root-MuiAvatar-fallback"
          data-testid="PersonIcon"
          focusable="false"
          viewBox="0 0 24 24"
        >
          <path
            d="M12 12c2.21 0 4-1.79 4-4s-1.79-4-4-4-4 1.79-4 4 1.79 4 4 4zm0 2c-2.67 0-8 1.34-8 4v2h16v-2c0-2.66-5.33-4-8-4z"
          />
        </svg>
      </div>
      <label
        htmlFor="inputProfilePic"
      >
        <div
          className="Button avatarButton"
        >
          <p
            className="Text"
          >
            Change
          </p>
        </div>
      </label>
      <div
        accept="image/*"
        className="MuiInput-root MuiInput-underline MuiInputBase-root MuiInputBase-colorPrimary profilePicUpload css-a88p61-MuiInputBase-root-MuiInput-root"
        onClick={[Function]}
      >
        <input
          className="MuiInput-input MuiInputBase-input css-1x51dt5-MuiInputBase-input-MuiInput-input"
          id="inputProfilePic"
          onAnimationStart={[Function]}
          onBlur={[Function]}
          onChange={[Function]}
          onFocus={[Function]}
          type="file"
        />
      </div>
    </div>
    <div
      className="row"
    >
      <div
        className="column"
      >
        <div>
          <label
            className="inputLabelPrimary"
          >
            First Name
            <input
              autoFocus={true}
              className="inputFieldPrimary"
              name="first_name"
              onChange={[Function]}
              required={true}
              value="Name"
            />
          </label>
        </div>
        <div>
          <label
            className="inputLabelPrimary"
          >
            Gender
            <input
              className="inputFieldPrimary"
              name="gender"
              onChange={[Function]}
              value="male"
            />
          </label>
        </div>
        <div>
          <label
            className="inputLabelPrimary"
          >
            Date First Met
            <input
              className="inputFieldPrimary"
              name="first_met"
              onChange={[Function]}
              type="date"
              value="2001-01-01"
            />
          </label>
        </div>
        <div>
          <label
            className="inputLabelPrimary"
          >
            Interests
            <input
              className="inputFieldPrimary"
              name="interests"
              onChange={[Function]}
              value="a"
            />
          </label>
        </div>
        <label
          className="socialMediaDivLabel"
        >
          Social Media
        </label>
        <div
          className="socialMediaDiv"
          data-testid="social-media-div"
        >
          <button
            className="addSocialMediaIcon"
            onClick={[Function]}
            type="button"
          >
            +
          </button>
        </div>
      </div>
      <div
        className="column"
      >
        <div>
          <label
            className="inputLabelPrimary"
          >
            Last Name
            <input
              className="inputFieldPrimary"
              name="last_name"
              onChange={[Function]}
              value="Last"
            />
          </label>
        </div>
        <div>
          <label
            className="inputLabelPrimary"
          >
            Birthday
            <input
              className="inputFieldPrimary"
              name="birthday"
              onChange={[Function]}
              type="date"
              value="2012-03-04"
            />
          </label>
        </div>
        <div>
          <label
            className="inputLabelPrimary"
          >
            Their Current Location
            <input
              className="inputFieldPrimary"
              name="location"
              onChange={[Function]}
              value="here"
            />
          </label>
        </div>
        <div>
          <label
            className="inputLabelPrimary"
          >
            How We Met
            <input
              className="inputFieldPrimary"
              name="how_we_met"
              onChange={[Function]}
              value="idk"
            />
          </label>
        </div>
        <div>
          <label
            className="inputLabelPrimary"
          >
            Organisation
            <input
              className="inputFieldPrimary"
              name="organisation"
              onChange={[Function]}
              value="job co."
            />
          </label>
        </div>
      </div>
    </div>
    <div
      className="formButtonsDiv"
    >
      <div
        className="Button formsButton"
        onClick={[Function]}
      >
        <p
          className="Text"
        >
          Cancel
        </p>
      </div>
      <label
        htmlFor="submit"
      >
        <div
          className="Button"
          onClick={[Function]}
        >
          <p
            className="Text"
          >
            Save
          </p>
        </div>
      </label>
      <input
        className="hiddenSubmit"
        id="submit"
        type="submit"
      />
    </div>
  </form>
</div>
`;
