// Jest Snapshot v1, https://goo.gl/fbAQLP

exports[`renders PersonDrawer UI with correct hierarchy 1`] = `
<ForwardRef(Drawer)
  anchor="right"
  data-testid="drawer-element"
  open={true}
  sx={
    Object {
      "& .MuiDrawer-paper": Object {
        "boxSizing": "border-box",
        "marginLeft": "128px",
        "width": "460px",
      },
      "flexShrink": 0,
      "width": "460px",
    }
  }
  variant="persistent"
>
  <div
    className="PersonDrawer"
  >
    <div
      className="ContentContainer"
    >
      <ForwardRef(Avatar)
        alt="Mercury Lin"
        src="https://user-images.githubusercontent.com/62003343/157863205-d299d1aa-deeb-4009-bcc8-2238227f5703.gif"
        style={
          Object {
            "backgroundColor": "",
            "fontSize": "",
            "height": "200px",
            "width": "200px",
          }
        }
      />
      <div
        className="InfoHeader"
      >
        <h1
          data-testid="name-element"
        >
          Mercury Lin
        </h1>
        <h2
          data-testid="first-met-element"
        >
          First met 
          once upon a time
        </h2>
      </div>
      <div
        className="InfoContent InfoContentPadding"
      >
        <p
          data-testid="age-element"
        >
          Age: 
          <span
            className="UnknownText"
          >
            Unknown
          </span>
        </p>
        <p
          data-testid="gender-element"
        >
          Gender: 
          <span
            className="KnownText"
          >
            Female
          </span>
        </p>
        <p
          data-testid="birthday-element"
        >
          Birthday: 
          <span
            className="UnknownText"
          >
            Unknown
          </span>
        </p>
        <p
          data-testid="organisation-element"
        >
          Organisation: 
          <span
            className="KnownText"
          >
            Team3
          </span>
        </p>
        <p
          data-testid="location-element"
        >
           Location: 
          <span
            className="KnownText"
          >
            London
          </span>
        </p>
        <p
          data-testid="date-first-met-element"
        >
          First met: 
          <span
            className="UnknownText"
          >
            Unknown
          </span>
        </p>
        <p
          data-testid="interests-element"
        >
          Interests: 
          <span
            className="KnownText"
          >
            food, sleep
          </span>
        </p>
        <p
          data-testid="social-medias-element"
        >
          Social media: 
          <span
            className="SocialMediaContainer"
          >
            <ForwardRef(IconButton)
              data-testid="social-media-element-facebook"
              onClick={[Function]}
            >
              <img
                alt="facebook"
                src="facebook.svg"
              />
            </ForwardRef(IconButton)>
            <ForwardRef(IconButton)
              data-testid="social-media-element-instagram"
              onClick={[Function]}
            >
              <img
                alt="instagram"
                src="instagram.svg"
              />
            </ForwardRef(IconButton)>
          </span>
        </p>
      </div>
    </div>
  </div>
</ForwardRef(Drawer)>
`;
